[    0.000000] Linux version 4.15.0-194-generic (buildd@lcy02-amd64-052) (gcc version 7.5.0 (Ubuntu 7.5.0-3ubuntu1~18.04)) #205-Ubuntu SMP Fri Sep 16 19:49:27 UTC 2022 (Ubuntu 4.15.0-194.205-generic 4.15.18)
[    0.000000] Command line: BOOT_IMAGE=/boot/vmlinuz-4.15.0-194-generic root=LABEL=cloudimg-rootfs ro console=tty1 console=ttyS0
[    0.000000] KERNEL supported cpus:
[    0.000000]   Intel GenuineIntel
[    0.000000]   AMD AuthenticAMD
[    0.000000]   Centaur CentaurHauls
[    0.000000] x86/fpu: Supporting XSAVE feature 0x001: 'x87 floating point registers'
[    0.000000] x86/fpu: Supporting XSAVE feature 0x002: 'SSE registers'
[    0.000000] x86/fpu: Supporting XSAVE feature 0x004: 'AVX registers'
[    0.000000] x86/fpu: xstate_offset[2]:  576, xstate_sizes[2]:  256
[    0.000000] x86/fpu: Enabled xstate features 0x7, context size is 832 bytes, using 'standard' format.
[    0.000000] e820: BIOS-provided physical RAM map:
[    0.000000] BIOS-e820: [mem 0x0000000000000000-0x000000000009fbff] usable
[    0.000000] BIOS-e820: [mem 0x000000000009fc00-0x000000000009ffff] reserved
[    0.000000] BIOS-e820: [mem 0x00000000000f0000-0x00000000000fffff] reserved
[    0.000000] BIOS-e820: [mem 0x0000000000100000-0x000000003ffeffff] usable
[    0.000000] BIOS-e820: [mem 0x000000003fff0000-0x000000003fffffff] ACPI data
[    0.000000] BIOS-e820: [mem 0x00000000fec00000-0x00000000fec00fff] reserved
[    0.000000] BIOS-e820: [mem 0x00000000fee00000-0x00000000fee00fff] reserved
[    0.000000] BIOS-e820: [mem 0x00000000fffc0000-0x00000000ffffffff] reserved
[    0.000000] NX (Execute Disable) protection: active
[    0.000000] SMBIOS 2.5 present.
[    0.000000] DMI: innotek GmbH VirtualBox/VirtualBox, BIOS VirtualBox 12/01/2006
[    0.000000] Hypervisor detected: KVM
[    0.000000] e820: last_pfn = 0x3fff0 max_arch_pfn = 0x400000000
[    0.000000] MTRR: Disabled
[    0.000000] x86/PAT: MTRRs disabled, skipping PAT initialization too.
[    0.000000] CPU MTRRs all blank - virtualized system.
[    0.000000] x86/PAT: Configuration [0-7]: WB  WT  UC- UC  WB  WT  UC- UC  
[    0.000000] found SMP MP-table at [mem 0x0009fff0-0x0009ffff]
[    0.000000] Scanning 1 areas for low memory corruption
[    0.000000] RAMDISK: [mem 0x359cb000-0x36cdcfff]
[    0.000000] ACPI: Early table checksum verification disabled
[    0.000000] ACPI: RSDP 0x00000000000E0000 000024 (v02 VBOX  )
[    0.000000] ACPI: XSDT 0x000000003FFF0030 00003C (v01 VBOX   VBOXXSDT 00000001 ASL  00000061)
[    0.000000] ACPI: FACP 0x000000003FFF00F0 0000F4 (v04 VBOX   VBOXFACP 00000001 ASL  00000061)
[    0.000000] ACPI: DSDT 0x000000003FFF0470 002325 (v02 VBOX   VBOXBIOS 00000002 INTL 20190509)
[    0.000000] ACPI: FACS 0x000000003FFF0200 000040
[    0.000000] ACPI: FACS 0x000000003FFF0200 000040
[    0.000000] ACPI: APIC 0x000000003FFF0240 00005C (v02 VBOX   VBOXAPIC 00000001 ASL  00000061)
[    0.000000] ACPI: SSDT 0x000000003FFF02A0 0001CC (v01 VBOX   VBOXCPUT 00000002 INTL 20190509)
[    0.000000] ACPI: Reserving FACP table memory at [mem 0x3fff00f0-0x3fff01e3]
[    0.000000] ACPI: Reserving DSDT table memory at [mem 0x3fff0470-0x3fff2794]
[    0.000000] ACPI: Reserving FACS table memory at [mem 0x3fff0200-0x3fff023f]
[    0.000000] ACPI: Reserving FACS table memory at [mem 0x3fff0200-0x3fff023f]
[    0.000000] ACPI: Reserving APIC table memory at [mem 0x3fff0240-0x3fff029b]
[    0.000000] ACPI: Reserving SSDT table memory at [mem 0x3fff02a0-0x3fff046b]
[    0.000000] No NUMA configuration found
[    0.000000] Faking a node at [mem 0x0000000000000000-0x000000003ffeffff]
[    0.000000] NODE_DATA(0) allocated [mem 0x3ffc5000-0x3ffeffff]
[    0.000000] kvm-clock: cpu 0, msr 0:3ff44001, primary cpu clock
[    0.000000] kvm-clock: Using msrs 4b564d01 and 4b564d00
[    0.000000] kvm-clock: using sched offset of 3171013854 cycles
[    0.000000] clocksource: kvm-clock: mask: 0xffffffffffffffff max_cycles: 0x1cd42e4dffb, max_idle_ns: 881590591483 ns
[    0.000000] Zone ranges:
[    0.000000]   DMA      [mem 0x0000000000001000-0x0000000000ffffff]
[    0.000000]   DMA32    [mem 0x0000000001000000-0x000000003ffeffff]
[    0.000000]   Normal   empty
[    0.000000]   Device   empty
[    0.000000] Movable zone start for each node
[    0.000000] Early memory node ranges
[    0.000000]   node   0: [mem 0x0000000000001000-0x000000000009efff]
[    0.000000]   node   0: [mem 0x0000000000100000-0x000000003ffeffff]
[    0.000000] Reserved but unavailable: 104 pages
[    0.000000] Initmem setup node 0 [mem 0x0000000000001000-0x000000003ffeffff]
[    0.000000] ACPI: PM-Timer IO Port: 0x4008
[    0.000000] IOAPIC[0]: apic_id 2, version 32, address 0xfec00000, GSI 0-23
[    0.000000] ACPI: INT_SRC_OVR (bus 0 bus_irq 0 global_irq 2 dfl dfl)
[    0.000000] ACPI: INT_SRC_OVR (bus 0 bus_irq 9 global_irq 9 low level)
[    0.000000] Using ACPI (MADT) for SMP configuration information
[    0.000000] smpboot: Allowing 2 CPUs, 0 hotplug CPUs
[    0.000000] PM: Registered nosave memory: [mem 0x00000000-0x00000fff]
[    0.000000] PM: Registered nosave memory: [mem 0x0009f000-0x0009ffff]
[    0.000000] PM: Registered nosave memory: [mem 0x000a0000-0x000effff]
[    0.000000] PM: Registered nosave memory: [mem 0x000f0000-0x000fffff]
[    0.000000] e820: [mem 0x40000000-0xfebfffff] available for PCI devices
[    0.000000] Booting paravirtualized kernel on KVM
[    0.000000] clocksource: refined-jiffies: mask: 0xffffffff max_cycles: 0xffffffff, max_idle_ns: 7645519600211568 ns
[    0.000000] setup_percpu: NR_CPUS:8192 nr_cpumask_bits:2 nr_cpu_ids:2 nr_node_ids:1
[    0.000000] percpu: Embedded 50 pages/cpu s167936 r8192 d28672 u1048576
[    0.000000] PV qspinlock hash table entries: 256 (order: 0, 4096 bytes)
[    0.000000] Built 1 zonelists, mobility grouping on.  Total pages: 257913
[    0.000000] Policy zone: DMA32
[    0.000000] Kernel command line: BOOT_IMAGE=/boot/vmlinuz-4.15.0-194-generic root=LABEL=cloudimg-rootfs ro console=tty1 console=ttyS0
[    0.000000] Memory: 982652K/1048120K available (12300K kernel code, 2477K rwdata, 4320K rodata, 2472K init, 2720K bss, 65468K reserved, 0K cma-reserved)
[    0.000000] SLUB: HWalign=64, Order=0-3, MinObjects=0, CPUs=2, Nodes=1
[    0.000000] Kernel/User page tables isolation: enabled
[    0.000000] ftrace: allocating 39477 entries in 155 pages
[    0.004000] Hierarchical RCU implementation.
[    0.004000] 	RCU restricting CPUs from NR_CPUS=8192 to nr_cpu_ids=2.
[    0.004000] 	Tasks RCU enabled.
[    0.004000] RCU: Adjusting geometry for rcu_fanout_leaf=16, nr_cpu_ids=2
[    0.004000] NR_IRQS: 524544, nr_irqs: 440, preallocated irqs: 16
[    0.004000] random: crng init done
[    0.004000] Console: colour VGA+ 80x25
[    0.004000] console [tty1] enabled
[    0.004000] console [ttyS0] enabled
[    0.004000] ACPI: Core revision 20170831
[    0.004000] ACPI: 2 ACPI AML tables successfully acquired and loaded
[    0.004000] APIC: Switch to symmetric I/O mode setup
[    0.004000] x2apic enabled
[    0.004000] Switched APIC routing to physical x2apic.
[    0.004000] ..TIMER: vector=0x30 apic1=0 pin1=2 apic2=-1 pin2=-1
[    0.004000] tsc: Detected 2803.198 MHz processor
[    0.004000] Calibrating delay loop (skipped) preset value.. 5606.39 BogoMIPS (lpj=11212792)
[    0.004004] pid_max: default: 32768 minimum: 301
[    0.004534] Security Framework initialized
[    0.004998] Yama: becoming mindful.
[    0.005401] AppArmor: AppArmor initialized
[    0.006513] Dentry cache hash table entries: 131072 (order: 8, 1048576 bytes)
[    0.007305] Inode-cache hash table entries: 65536 (order: 7, 524288 bytes)
[    0.008007] Mount-cache hash table entries: 2048 (order: 2, 16384 bytes)
[    0.008692] Mountpoint-cache hash table entries: 2048 (order: 2, 16384 bytes)
[    0.009643] Last level iTLB entries: 4KB 0, 2MB 0, 4MB 0
[    0.010221] Last level dTLB entries: 4KB 0, 2MB 0, 4MB 0, 1GB 0
[    0.010899] Spectre V1 : Mitigation: usercopy/swapgs barriers and __user pointer sanitization
[    0.012002] Spectre V2 : Mitigation: Retpolines
[    0.012538] Spectre V2 : Spectre v2 / SpectreRSB mitigation: Filling RSB on context switch
[    0.013505] Speculative Store Bypass: Vulnerable
[    0.014091] MDS: Mitigation: Clear CPU buffers
[    0.014762] Freeing SMP alternatives memory: 36K
[    0.125167] smpboot: CPU0: 11th Gen Intel(R) Core(TM) i7-1165G7 @ 2.80GHz (family: 0x6, model: 0x8c, stepping: 0x1)
[    0.127027] Performance Events: unsupported p6 CPU model 140 no PMU driver, software events only.
[    0.127927] Hierarchical SRCU implementation.
[    0.128000] NMI watchdog: Perf event create on CPU 0 failed with -2
[    0.128001] NMI watchdog: Perf NMI watchdog permanently disabled
[    0.128664] smp: Bringing up secondary CPUs ...
[    0.129248] x86: Booting SMP configuration:
[    0.129720] .... node  #0, CPUs:      #1
[    0.004000] kvm-clock: cpu 1, msr 0:3ff44041, secondary cpu clock
[    0.132017] smp: Brought up 1 node, 2 CPUs
[    0.132494] smpboot: Max logical packages: 1
[    0.132991] smpboot: Total of 2 processors activated (11212.79 BogoMIPS)
[    0.136062] devtmpfs: initialized
[    0.136462] x86/mm: Memory block size: 128MB
[    0.137071] evm: security.selinux
[    0.137543] evm: security.SMACK64
[    0.137954] evm: security.SMACK64EXEC
[    0.138409] evm: security.SMACK64TRANSMUTE
[    0.138909] evm: security.SMACK64MMAP
[    0.139365] evm: security.apparmor
[    0.140003] evm: security.ima
[    0.140386] evm: security.capability
[    0.140854] clocksource: jiffies: mask: 0xffffffff max_cycles: 0xffffffff, max_idle_ns: 7645041785100000 ns
[    0.141181] futex hash table entries: 512 (order: 3, 32768 bytes)
[    0.141943] pinctrl core: initialized pinctrl subsystem
[    0.144068] RTC time:  3:05:45, date: 10/11/22
[    0.144707] NET: Registered protocol family 16
[    0.145251] audit: initializing netlink subsys (disabled)
[    0.145892] audit: type=2000 audit(1665457550.197:1): state=initialized audit_enabled=0 res=1
[    0.146303] cpuidle: using governor ladder
[    0.148010] cpuidle: using governor menu
[    0.148522] ACPI: bus type PCI registered
[    0.149001] acpiphp: ACPI Hot Plug PCI Controller Driver version: 0.5
[    0.149773] PCI: Using configuration type 1 for base access
[    0.152768] HugeTLB registered 2.00 MiB page size, pre-allocated 0 pages
[    0.152788] ACPI: Added _OSI(Module Device)
[    0.152788] ACPI: Added _OSI(Processor Device)
[    0.153069] ACPI: Added _OSI(3.0 _SCP Extensions)
[    0.153606] ACPI: Added _OSI(Processor Aggregator Device)
[    0.156011] ACPI: Added _OSI(Linux-Dell-Video)
[    0.156511] ACPI: Added _OSI(Linux-Lenovo-NV-HDMI-Audio)
[    0.157093] ACPI: Added _OSI(Linux-HPI-Hybrid-Graphics)
[    0.157855] ACPI: Executed 1 blocks of module-level executable AML code
[    0.161040] ACPI: Interpreter enabled
[    0.161466] ACPI: (supports S0 S5)
[    0.161836] ACPI: Using IOAPIC for interrupt routing
[    0.162557] PCI: Using host bridge windows from ACPI; if necessary, use "pci=nocrs" and report a bug
[    0.163649] ACPI: Enabled 2 GPEs in block 00 to 07
[    0.167450] ACPI: PCI Root Bridge [PCI0] (domain 0000 [bus 00-ff])
[    0.168005] acpi PNP0A03:00: _OSC: OS supports [ASPM ClockPM Segments MSI]
[    0.169033] acpi PNP0A03:00: _OSC: not requesting OS control; OS requires [ExtendedConfig ASPM ClockPM MSI]
[    0.170131] acpi PNP0A03:00: fail to add MMCONFIG information, can't access extended PCI configuration space under this bridge.
[    0.171542] PCI host bridge to bus 0000:00
[    0.172003] pci_bus 0000:00: root bus resource [io  0x0000-0x0cf7 window]
[    0.172765] pci_bus 0000:00: root bus resource [io  0x0d00-0xffff window]
[    0.173515] pci_bus 0000:00: root bus resource [mem 0x000a0000-0x000bffff window]
[    0.174357] pci_bus 0000:00: root bus resource [mem 0x40000000-0xfdffffff window]
[    0.176001] pci_bus 0000:00: root bus resource [bus 00-ff]
[    0.177615] pci 0000:00:01.1: legacy IDE quirk: reg 0x10: [io  0x01f0-0x01f7]
[    0.179238] pci 0000:00:01.1: legacy IDE quirk: reg 0x14: [io  0x03f6]
[    0.180000] pci 0000:00:01.1: legacy IDE quirk: reg 0x18: [io  0x0170-0x0177]
[    0.180005] pci 0000:00:01.1: legacy IDE quirk: reg 0x1c: [io  0x0376]
[    0.189992] pci 0000:00:07.0: quirk: [io  0x4000-0x403f] claimed by PIIX4 ACPI
[    0.190873] pci 0000:00:07.0: quirk: [io  0x4100-0x410f] claimed by PIIX4 SMB
[    0.196181] ACPI: PCI Interrupt Link [LNKA] (IRQs 5 9 10 *11)
[    0.197053] ACPI: PCI Interrupt Link [LNKB] (IRQs 5 9 *10 11)
[    0.197689] ACPI: PCI Interrupt Link [LNKC] (IRQs 5 *9 10 11)
[    0.198360] ACPI: PCI Interrupt Link [LNKD] (IRQs 5 9 10 *11)
[    0.199281] SCSI subsystem initialized
[    0.199754] pci 0000:00:02.0: vgaarb: setting as boot VGA device
[    0.199754] pci 0000:00:02.0: vgaarb: VGA device added: decodes=io+mem,owns=io+mem,locks=none
[    0.200011] pci 0000:00:02.0: vgaarb: bridge control possible
[    0.200635] vgaarb: loaded
[    0.200998] ACPI: bus type USB registered
[    0.201580] usbcore: registered new interface driver usbfs
[    0.202231] usbcore: registered new interface driver hub
[    0.204012] usbcore: registered new device driver usb
[    0.204598] EDAC MC: Ver: 3.0.0
[    0.204598] PCI: Using ACPI for IRQ routing
[    0.204702] NetLabel: Initializing
[    0.205112] NetLabel:  domain hash size = 128
[    0.205564] NetLabel:  protocols = UNLABELED CIPSOv4 CALIPSO
[    0.206199] NetLabel:  unlabeled traffic allowed by default
[    0.208052] clocksource: Switched to clocksource kvm-clock
[    0.215978] VFS: Disk quotas dquot_6.6.0
[    0.216518] VFS: Dquot-cache hash table entries: 512 (order 0, 4096 bytes)
[    0.217339] AppArmor: AppArmor Filesystem Enabled
[    0.217898] pnp: PnP ACPI init
[    0.218934] pnp: PnP ACPI: found 3 devices
[    0.226127] clocksource: acpi_pm: mask: 0xffffff max_cycles: 0xffffff, max_idle_ns: 2085701024 ns
[    0.227392] NET: Registered protocol family 2
[    0.228049] IP idents hash table entries: 16384 (order: 5, 131072 bytes)
[    0.229422] TCP established hash table entries: 8192 (order: 4, 65536 bytes)
[    0.230207] TCP bind hash table entries: 8192 (order: 5, 131072 bytes)
[    0.230863] TCP: Hash tables configured (established 8192 bind 8192)
[    0.231519] UDP hash table entries: 512 (order: 2, 16384 bytes)
[    0.232156] UDP-Lite hash table entries: 512 (order: 2, 16384 bytes)
[    0.232994] NET: Registered protocol family 1
[    0.233504] pci 0000:00:00.0: Limiting direct PCI/PCI transfers
[    0.234138] pci 0000:00:01.0: Activating ISA DMA hang workarounds
[    0.234806] pci 0000:00:02.0: Video device with shadowed ROM at [mem 0x000c0000-0x000dffff]
[    0.235847] Unpacking initramfs...
[    0.423094] Freeing initrd memory: 19528K
[    0.423786] clocksource: tsc: mask: 0xffffffffffffffff max_cycles: 0x28680e0a5c3, max_idle_ns: 440795346756 ns
[    0.424887] platform rtc_cmos: registered platform RTC device (no PNP device found)
[    0.425740] Scanning for low memory corruption every 60 seconds
[    0.427281] Initialise system trusted keyrings
[    0.427795] Key type blacklist registered
[    0.428425] workingset: timestamp_bits=36 max_order=18 bucket_order=0
[    0.429774] zbud: loaded
[    0.430545] squashfs: version 4.0 (2009/01/31) Phillip Lougher
[    0.431412] fuse init (API version 7.26)
[    0.432935] Key type asymmetric registered
[    0.433405] Asymmetric key parser 'x509' registered
[    0.433932] Block layer SCSI generic (bsg) driver version 0.4 loaded (major 246)
[    0.434786] io scheduler noop registered
[    0.435313] io scheduler deadline registered
[    0.435867] io scheduler cfq registered (default)
[    0.436770] ACPI: AC Adapter [AC] (off-line)
[    0.437355] input: Power Button as /devices/LNXSYSTM:00/LNXPWRBN:00/input/input0
[    0.438259] ACPI: Power Button [PWRF]
[    0.438741] input: Sleep Button as /devices/LNXSYSTM:00/LNXSLPBN:00/input/input1
[    0.439569] ACPI: Sleep Button [SLPF]
[    0.440716] ACPI: Battery Slot [BAT0] (battery present)
[    0.441368] Serial: 8250/16550 driver, 32 ports, IRQ sharing enabled
[    0.462613] 00:02: ttyS0 at I/O 0x3f8 (irq = 4, base_baud = 115200) is a 16550A
[    0.465338] Linux agpgart interface v0.103
[    0.467256] loop: module loaded
[    0.467985] scsi host0: ata_piix
[    0.468537] scsi host1: ata_piix
[    0.468988] ata1: PATA max UDMA/33 cmd 0x1f0 ctl 0x3f6 bmdma 0xd000 irq 14
[    0.469765] ata2: PATA max UDMA/33 cmd 0x170 ctl 0x376 bmdma 0xd008 irq 15
[    0.470554] tun: Universal TUN/TAP device driver, 1.6
[    0.471301] PPP generic driver version 2.4.2
[    0.471926] ehci_hcd: USB 2.0 'Enhanced' Host Controller (EHCI) Driver
[    0.472695] ehci-pci: EHCI PCI platform driver
[    0.473237] ehci-platform: EHCI generic platform driver
[    0.473850] ohci_hcd: USB 1.1 'Open' Host Controller (OHCI) Driver
[    0.474544] ohci-pci: OHCI PCI platform driver
[    0.475053] ohci-platform: OHCI generic platform driver
[    0.475628] uhci_hcd: USB Universal Host Controller Interface driver
[    0.476354] i8042: PNP: PS/2 Controller [PNP0303:PS2K,PNP0f03:PS2M] at 0x60,0x64 irq 1,12
[    0.477598] serio: i8042 KBD port at 0x60,0x64 irq 1
[    0.478169] serio: i8042 AUX port at 0x60,0x64 irq 12
[    0.478817] mousedev: PS/2 mouse device common for all mice
[    0.479911] input: AT Translated Set 2 keyboard as /devices/platform/i8042/serio0/input/input2
[    0.480921] rtc_cmos rtc_cmos: rtc core: registered rtc_cmos as rtc0
[    0.481732] rtc_cmos rtc_cmos: alarms up to one day, 114 bytes nvram
[    0.482445] i2c /dev entries driver
[    0.482894] device-mapper: uevent: version 1.0.3
[    0.483434] device-mapper: ioctl: 4.37.0-ioctl (2017-09-20) initialised: dm-devel@redhat.com
[    0.484458] ledtrig-cpu: registered to indicate activity on CPUs
[    0.485542] NET: Registered protocol family 10
[    0.488786] Segment Routing with IPv6
[    0.489251] NET: Registered protocol family 17
[    0.489913] Key type dns_resolver registered
[    0.490638] mce: Using 0 MCE banks
[    0.491047] RAS: Correctable Errors collector initialized.
[    0.491650] sched_clock: Marking stable (490594778, 0)->(584666875, -94072097)
[    0.492923] registered taskstats version 1
[    0.493406] Loading compiled-in X.509 certificates
[    0.495771] Loaded X.509 cert 'Build time autogenerated kernel key: 6303a3b02fa1c7713b8a75ba7ba622fabd5dd271'
[    0.497281] Loaded X.509 cert 'Canonical Ltd. Live Patch Signing: 14df34d1a87cf37625abec039ef2bf521249b969'
[    0.498697] Loaded X.509 cert 'Canonical Ltd. Kernel Module Signing: 88f752e560a1e0737e31163a466ad7b70a850c19'
[    0.499677] blacklist: Loading compiled-in revocation X.509 certificates
[    0.500398] Loaded X.509 cert 'Canonical Ltd. Secure Boot Signing: 61482aa2830d0ab2ad5af10b7250da9033ddcef0'
[    0.501466] zswap: loaded using pool lzo/zbud
[    0.504624] Key type big_key registered
[    0.505151] Key type trusted registered
[    0.506854] Key type encrypted registered
[    0.507367] AppArmor: AppArmor sha1 policy hashing enabled
[    0.508010] ima: No TPM chip found, activating TPM-bypass! (rc=-19)
[    0.508735] ima: Allocated hash algorithm: sha1
[    0.509268] evm: HMAC attrs: 0x1
[    0.509818]   Magic number: 10:678:57
[    0.510424] rtc_cmos rtc_cmos: setting system clock to 2022-10-11 03:05:45 UTC (1665457545)
[    0.511503] BIOS EDD facility v0.16 2004-Jun-25, 0 devices found
[    0.512098] EDD information not available.
[    0.655065] Freeing unused kernel image memory: 2472K
[    0.668215] Write protecting the kernel read-only data: 20480k
[    0.670083] Freeing unused kernel image memory: 2008K
[    0.671300] Freeing unused kernel image memory: 1824K
[    0.676104] x86/mm: Checked W+X mappings: passed, no W+X pages found.
[    0.676782] x86/mm: Checking user space page tables
[    0.680695] x86/mm: Checked W+X mappings: passed, no W+X pages found.
Loading, please wait...
starting version 237
[    0.719823] e1000: Intel(R) PRO/1000 Network Driver - version 7.3.21-k8-NAPI
[    0.720935] e1000: Copyright (c) 1999-2006 Intel Corporation.
[    0.728121] Fusion MPT base driver 3.04.20
[    0.728877] Copyright (c) 1999-2008 LSI Corporation
[    0.735354] Fusion MPT SPI Host driver 3.04.20
[    0.739914] AVX2 version of gcm_enc/dec engaged.
[    0.740590] AES CTR mode by8 optimization enabled
[    0.937037] input: ImExPS/2 Generic Explorer Mouse as /devices/platform/i8042/serio1/input/input4
[    1.066159] e1000 0000:00:03.0 eth0: (PCI:33MHz:32-bit) 02:8e:c5:29:b5:69
[    1.067311] e1000 0000:00:03.0 eth0: Intel(R) PRO/1000 Network Connection
[    1.418812] e1000 0000:00:08.0 eth1: (PCI:33MHz:32-bit) 08:00:27:9f:57:bd
[    1.419912] e1000 0000:00:08.0 eth1: Intel(R) PRO/1000 Network Connection
[    1.422279] e1000 0000:00:03.0 enp0s3: renamed from eth0
[    1.424075] mptbase: ioc0: Initiating bringup
[    1.440441] e1000 0000:00:08.0 enp0s8: renamed from eth1
[    1.528576] ioc0: LSI53C1030 A0: Capabilities={Initiator}
[    1.772543] scsi host2: ioc0: LSI53C1030 A0, FwRev=00000000h, Ports=1, MaxQ=256, IRQ=20
[    1.941398] scsi 2:0:0:0: Direct-Access     VBOX     HARDDISK         1.0  PQ: 0 ANSI: 5
[    2.725141] scsi target2:0:0: Beginning Domain Validation
[    2.728638] scsi target2:0:0: Domain Validation skipping write tests
[    2.730611] scsi target2:0:0: Ending Domain Validation
[    2.731201] scsi target2:0:0: asynchronous
[    2.731852] scsi 2:0:1:0: Direct-Access     VBOX     HARDDISK         1.0  PQ: 0 ANSI: 5
[    3.064731] scsi target2:0:1: Beginning Domain Validation
[    3.068025] scsi target2:0:1: Domain Validation skipping write tests
[    3.070227] scsi target2:0:1: Ending Domain Validation
[    3.072211] scsi target2:0:1: asynchronous
[    3.078073] sd 2:0:0:0: Attached scsi generic sg0 type 0
[    3.078899] sd 2:0:0:0: [sda] 83886080 512-byte logical blocks: (42.9 GB/40.0 GiB)
[    3.079124] sd 2:0:1:0: Attached scsi generic sg1 type 0
[    3.080992] sd 2:0:0:0: [sda] Write Protect is off
[    3.081701] sd 2:0:1:0: [sdb] 20480 512-byte logical blocks: (10.5 MB/10.0 MiB)
[    3.082661] sd 2:0:0:0: [sda] Incomplete mode parameter data
[    3.083417] sd 2:0:0:0: [sda] Assuming drive cache: write through
[    3.084194] sd 2:0:1:0: [sdb] Write Protect is off
[    3.084973] sd 2:0:1:0: [sdb] Incomplete mode parameter data
[    3.085975] sd 2:0:1:0: [sdb] Assuming drive cache: write through
[    3.088469]  sda: sda1
[    3.089148] sd 2:0:0:0: [sda] Attached SCSI disk
[    3.089789] sd 2:0:1:0: [sdb] Attached SCSI disk
Begin: Loading essential drivers ... [    4.412037] raid6: sse2x1   gen() 18266 MB/s
[    4.460007] raid6: sse2x1   xor() 11151 MB/s
[    4.508005] raid6: sse2x2   gen() 23313 MB/s
[    4.556035] raid6: sse2x2   xor() 15250 MB/s
[    4.604004] raid6: sse2x4   gen() 24121 MB/s
[    4.652004] raid6: sse2x4   xor() 13850 MB/s
[    4.700004] raid6: avx2x1   gen() 34617 MB/s
[    4.748036] raid6: avx2x1   xor() 21070 MB/s
[    4.796004] raid6: avx2x2   gen() 42127 MB/s
[    4.844004] raid6: avx2x2   xor() 28114 MB/s
[    4.892006] raid6: avx2x4   gen() 42035 MB/s
[    4.940004] raid6: avx2x4   xor() 23985 MB/s
[    4.940673] raid6: using algorithm avx2x2 gen() 42127 MB/s
[    4.941272] raid6: .... xor() 28114 MB/s, rmw enabled
[    4.941835] raid6: using avx2x2 recovery algorithm
[    4.943432] xor: automatically using best checksumming function   avx       
[    4.945074] async_tx: api initialized (async)
done.
Begin: Running /scripts/init-premount ... done.
Begin: Mounting root file system ... Begin: Running /scripts/local-top ... done.
Begin: Running /scripts/local-premount ... [    4.974856] Btrfs loaded, crc32c=crc32c-intel
Scanning for Btrfs filesystems
done.
Warning: fsck not present, so skipping root file system
[    4.991729] EXT4-fs (sda1): mounted filesystem with ordered data mode. Opts: (null)
done.
Begin: Running /scripts/local-bottom ... done.
Begin: Running /scripts/init-bottom ... done.
[    5.091909] ip_tables: (C) 2000-2006 Netfilter Core Team
[    5.097548] systemd[1]: systemd 237 running in system mode. (+PAM +AUDIT +SELINUX +IMA +APPARMOR +SMACK +SYSVINIT +UTMP +LIBCRYPTSETUP +GCRYPT +GNUTLS +ACL +XZ +LZ4 +SECCOMP +BLKID +ELFUTILS +KMOD -IDN2 +IDN -PCRE2 default-hierarchy=hybrid)
[    5.099838] systemd[1]: Detected virtualization oracle.
[    5.100533] systemd[1]: Detected architecture x86-64.

Welcome to [1mUbuntu 18.04.6 LTS[0m!

[    5.105073] systemd[1]: Set hostname to <ubuntu-bionic>.
[    5.296878] systemd[1]: Started Forward Password Requests to Wall Directory Watch.
[[0;32m  OK  [0m] Started Forward Password Requests to Wall Directory Watch.
[    5.301337] systemd[1]: Created slice System Slice.
[[0;32m  OK  [0m] Created slice System Slice.
[    5.302821] systemd[1]: Listening on fsck to fsckd communication Socket.
[[0;32m  OK  [0m] Listening on fsck to fsckd communication Socket.
[    5.304276] systemd[1]: Listening on udev Control Socket.
[[0;32m  OK  [0m] Listening on udev Control Socket.
[    5.305519] systemd[1]: Listening on LVM2 poll daemon socket.
[[0;32m  OK  [0m] Listening on LVM2 poll daemon socket.
[    5.306788] systemd[1]: Listening on Device-mapper event daemon FIFOs.
[[0;32m  OK  [0m] Listening on Device-mapper event daemon FIFOs.
[[0;32m  OK  [0m] Listening on udev Kernel Socket.
[[0;32m  OK  [0m] Listening on Journal Socket (/dev/log).
[[0;32m  OK  [0m] Listening on Journal Audit Socket.
[[0;32m  OK  [0m] Listening on LVM2 metadata daemon socket.
[[0;32m  OK  [0m] Listening on Syslog Socket.
[[0;32m  OK  [0m] Listening on Journal Socket.
         Starting udev Coldplug all Devices...
         Starting Monitoring of LVM2 mirrorsâ€¦ng dmeventd or progress polling...
         Starting Set the console keyboard layout...
         Starting File System Check on Root Device...
         Mounting POSIX Message Queue File System...
         Starting Uncomplicated firewall...
         Mounting Kernel Debug File System...
         Starting Load Kernel Modules...
[[0;32m  OK  [0m] Set up automount Arbitrary Executabâ€¦rmats File System Automount Point.
[    5.398487] Loading iSCSI transport class v2.0-870.
[    5.404026] iscsi: registered transport (tcp)
         Starting Create list of required stâ€¦ce nodes for the current kernel...
[[0;32m  OK  [0m] Listening on /dev/initctl Compatibility Named Pipe.
         Mounting Huge Pages File System...
[[0;32m  OK  [0m] Created slice system-serial\x2dgetty.slice.
[[0;32m  OK  [0m] Reached target User and Group Name Lookups.
[[0;32m  OK  [0m] Reached target System Time Synchronized.
[[0;32m  OK  [0m] Created slice User and Session Slice.
[[0;32m  OK  [0m] Reached target Slices.
         Starting Journal Service...
[[0;32m  OK  [0m] Listening on Network Service Netlink Socket.
[[0;32m  OK  [0m] Reached target Swap.
[[0;32m  OK  [0m] Mounted POSIX Message Queue File System.
[[0;32m  OK  [0m] Started Uncomplicated firewall.
[[0;32m  OK  [0m] Mounted Kernel Debug File System.
[[0;32m  OK  [0m] Mounted Huge Pages File System.
[[0;32m  OK  [0m] Started LVM2 metadata daemon.
[[0;32m  OK  [0m] Started File System Check Daemon to report status.
[[0;32m  OK  [0m] Started File System Check on Root Device.
         Starting Remount Root and Kernel File Systems...
[[0;32m  OK  [0m] Started Create list of required staâ€¦vice nodes for the current kernel.
         Starting Create Static Device Nodes in /dev...
[[0;32m  OK  [0m] Started Journal Service.
[[0;32m  OK  [0m] Started udev Coldplug all Devices.
[    5.506643] iscsi: registered transport (iser)
[[0;32m  OK  [0m] Started Load Kernel Modules.
         Mounting Kernel Configuration File System...
         Mounting FUSE Control File System...
         Starting Apply Kernel Variables...
[[0;32m  OK  [0m] Mounted FUSE Control File System.
[[0;32m  OK  [0m] Mounted Kernel Configuration File System.
[[0;32m  OK  [0m] Started Create Static Device Nodes in /dev.
[    5.532249] EXT4-fs (sda1): re-mounted. Opts: (null)
[[0;32m  OK  [0m] Started Remount Root and Kernel File Systems.
         Starting Load/Save Random Seed...
         Starting Flush Journal to Persistent Storage...
         Starting udev Kernel Device Manager...
[[0;32m  OK  [0m] Started Monitoring of LVM2 mirrors,â€¦sing dmeventd or progress polling.
[[0;32m  OK  [0m] Started Set the console keyboard layout.
[[0;32m  OK  [0m] Reached target Local File Systems (Pre).
[[0;32m  OK  [0m] Reached target Local File Systems.
         Starting AppArmor initialization...
         Starting ebtables ruleset management...
         Starting Tell Plymouth To Write Out Runtime Data...
         Starting Set console font and keymap...
[[0;32m  OK  [0m] Started Load/Save Random Seed.
[[0;32m  OK  [0m] Started udev Kernel Device Manager.
[[0;32m  OK  [0m] Started Dispatch Password Requests to Console Directory Watch.
[[0;32m  OK  [0m] Reached target Local Encrypted Volumes.
[[0;32m  OK  [0m] Started Apply Kernel Variables.
[[0;32m  OK  [0m] Started Set console font and keymap.
[[0;32m  OK  [0m] Started Tell Plymouth To Write Out Runtime Data.
[[0;32m  OK  [0m] Started Flush Journal to Persistent Storage.
         Starting Create Volatile Files and Directories...
[[0;32m  OK  [0m] Started Create Volatile Files and Directories.
         Starting Update UTMP about System Boot/Shutdown...
[[0;32m  OK  [0m] Started Update UTMP about System Boot/Shutdown.
[[0;32m  OK  [0m] Started ebtables ruleset management.
[[0;32m  OK  [0m] Found device /dev/ttyS0.
[[0;32m  OK  [0m] Listening on Load/Save RF Kill Switch Status /dev/rfkill Watch.
[[0;32m  OK  [0m] Started AppArmor initialization.
         Starting Load AppArmor profiles managed internally by snapd...
         Starting Initial cloud-init job (pre-networking)...
[[0;32m  OK  [0m] Started Load AppArmor profiles managed internally by snapd.
[    6.676473] cloud-init[563]: Cloud-init v. 22.2-0ubuntu1~18.04.3 running 'init-local' at Tue, 11 Oct 2022 03:05:51 +0000. Up 6.55 seconds.
[[0;32m  OK  [0m] Started Initial cloud-init job (pre-networking).
[[0;32m  OK  [0m] Reached target Network (Pre).
         Starting Network Service...
[[0;32m  OK  [0m] Started Network Service.
         Starting Network Name Resolution...
         Starting Wait for Network to be Configured...
[[0;32m  OK  [0m] Started Network Name Resolution.
[[0;32m  OK  [0m] Reached target Host and Network Name Lookups.
[[0;32m  OK  [0m] Reached target Network.
[[0;32m  OK  [0m] Started Wait for Network to be Configured.
         Starting Initial cloud-init job (metadata service crawler)...
[    9.069250] cloud-init[674]: Cloud-init v. 22.2-0ubuntu1~18.04.3 running 'init' at Tue, 11 Oct 2022 03:05:53 +0000. Up 8.98 seconds.
[    9.070160] cloud-init[674]: ci-info: ++++++++++++++++++++++++++++++++++++++Net device info+++++++++++++++++++++++++++++++++++++++
[    9.071054] cloud-init[674]: ci-info: +--------+------+-----------------------------+---------------+--------+-------------------+
[    9.071906] cloud-init[674]: ci-info: | Device |  Up  |           Address           |      Mask     | Scope  |     Hw-Address    |
[    9.072770] cloud-init[674]: ci-info: +--------+------+-----------------------------+---------------+--------+-------------------+
[    9.073698] cloud-init[674]: ci-info: | enp0s3 | True |          10.0.2.15          | 255.255.255.0 | global | 02:8e:c5:29:b5:69 |
[    9.074625] cloud-init[674]: ci-info: | enp0s3 | True |  fe80::8e:c5ff:fe29:b569/64 |       .       |  link  | 02:8e:c5:29:b5:69 |
[    9.075525] cloud-init[674]: ci-info: | enp0s8 | True |         192.168.1.60        | 255.255.255.0 | global | 08:00:27:9f:57:bd |
[    9.076437] cloud-init[674]: ci-info: | enp0s8 | True | fe80::a00:27ff:fe9f:57bd/64 |       .       |  link  | 08:00:27:9f:57:bd |
[    9.077308] cloud-init[674]: ci-info: |   lo   | True |          127.0.0.1          |   255.0.0.0   |  host  |         .         |
[    9.078147] cloud-init[674]: ci-info: |   lo   | True |           ::1/128           |       .       |  host  |         .         |
[    9.078896] cloud-init[674]: ci-info: +--------+------+-----------------------------+---------------+--------+-------------------+
[    9.079752] cloud-init[674]: ci-info: ++++++++++++++++++++++++++++Route IPv4 info+++++++++++++++++++++++++++++
[    9.080547] cloud-init[674]: ci-info: +-------+-------------+----------+-----------------+-----------+-------+
[    9.081296] cloud-init[674]: ci-info: | Route | Destination | Gateway  |     Genmask     | Interface | Flags |
[    9.082036] cloud-init[674]: ci-info: +-------+-------------+----------+-----------------+-----------+-------+
[    9.082792] cloud-init[674]: ci-info: |   0   |   0.0.0.0   | 10.0.2.2 |     0.0.0.0     |   enp0s3  |   UG  |
[    9.083538] cloud-init[674]: ci-info: |   1   |   10.0.2.0  | 0.0.0.0  |  255.255.255.0  |   enp0s3  |   U   |
[    9.084282] cloud-init[674]: ci-info: |   2   |   10.0.2.2  | 0.0.0.0  | 255.255.255.255 |   enp0s3  |   UH  |
[    9.085343] cloud-init[674]: ci-info: |   3   | 192.168.1.0 | 0.0.0.0  |  255.255.255.0  |   enp0s8  |   U   |
[    9.086216] cloud-init[674]: ci-info: +-------+-------------+----------+-----------------+-----------+-------+
[    9.087078] cloud-init[674]: ci-info: +++++++++++++++++++Route IPv6 info+++++++++++++++++++
[    9.087797] cloud-init[674]: ci-info: +-------+-------------+---------+-----------+-------+
[    9.088517] cloud-init[674]: ci-info: | Route | Destination | Gateway | Interface | Flags |
[    9.089239] cloud-init[674]: ci-info: +-------+-------------+---------+-----------+-------+
[    9.090054] cloud-init[674]: ci-info: |   1   |  fe80::/64  |    ::   |   enp0s8  |   U   |
[    9.090849] cloud-init[674]: ci-info: |   2   |  fe80::/64  |    ::   |   enp0s3  |   U   |
[    9.091626] cloud-init[674]: ci-info: |   4   |    local    |    ::   |   enp0s3  |   U   |
[    9.092394] cloud-init[674]: ci-info: |   5   |    local    |    ::   |   enp0s8  |   U   |
[    9.093153] cloud-init[674]: ci-info: |   6   |   ff00::/8  |    ::   |   enp0s8  |   U   |
[    9.093842] cloud-init[674]: ci-info: |   7   |   ff00::/8  |    ::   |   enp0s3  |   U   |
[    9.094495] cloud-init[674]: ci-info: +-------+-------------+---------+-----------+-------+
[[0;32m  OK  [0m] Started Initial cloud-init job (metadata service crawler).
[[0;32m  OK  [0m] Reached target System Initialization.
[[0;32m  OK  [0m] Listening on Open-iSCSI iscsid Socket.
[[0;32m  OK  [0m] Started Discard unused blocks once a week.
[[0;32m  OK  [0m] Started ACPI Events Check.
[[0;32m  OK  [0m] Reached target Paths.
[[0;32m  OK  [0m] Started Daily apt download activities.
[[0;32m  OK  [0m] Listening on ACPID Listen Socket.
[[0;32m  OK  [0m] Listening on cloud-init hotplug hook socket.
[[0;32m  OK  [0m] Started Daily Cleanup of Temporary Directories.
[[0;32m  OK  [0m] Listening on UUID daemon activation socket.
         Starting Socket activation for snappy daemon.
[[0;32m  OK  [0m] Started Daily apt upgrade and clean activities.
         Starting LXD - unix socket.
[[0;32m  OK  [0m] Listening on D-Bus System Message Bus Socket.
[[0;32m  OK  [0m] Started Ubuntu Advantage Timer for running repeated jobs.
[[0;32m  OK  [0m] Started Message of the Day.
[[0;32m  OK  [0m] Reached target Timers.
[[0;32m  OK  [0m] Reached target Network is Online.
         Starting Availability of block devices...
[[0;32m  OK  [0m] Reached target Remote File Systems (Pre).
         Mounting /vagrant...
[[0;32m  OK  [0m] Reached target Cloud-config availability.
[[0;32m  OK  [0m] Listening on Socket activation for snappy daemon.
[[0;32m  OK  [0m] Listening on LXD - unix socket.
[[0;32m  OK  [0m] Reached target Sockets.
[[0;32m  OK  [0m] Reached target Basic System.
         Starting LXD - container startup/shutdown...
         Starting Accounts Service...
[[0;32m  OK  [0m] Started Deferred execution scheduler.
         Starting Login Service...
         Starting Dispatcher daemon for systemd-networkd...
         Starting Virtualbox guest utils...
[[0;32m  OK  [0m] Started FUSE filesystem for LXC.
         Starting LSB: Record successful boot for GRUB...
[[0;32m  OK  [0m] Started Regular background program processing daemon.
[[0;32m  OK  [0m] Started D-Bus System Message Bus.
[[0;32m  OK  [0m] Started Login Service.
[[0;32m  OK  [0m] Started Unattended Upgrades Shutdown.
         Starting OpenBSD Secure Shell server...
         Starting System Logging Service...
[[0;32m  OK  [0m] Started irqbalance daemon.
         Starting Snap Daemon...
[[0;32m  OK  [0m] Started Availability of block devices.
[[0;32m  OK  [0m] Mounted /vagrant.
[[0;32m  OK  [0m] Started LXD - container startup/shutdown.
[[0;32m  OK  [0m] Reached target Remote File Systems.
         Starting Permit User Sessions...
         Starting LSB: automatic crash report generation...
[[0;32m  OK  [0m] Started System Logging Service.
[[0;32m  OK  [0m] Started OpenBSD Secure Shell server.
[[0;32m  OK  [0m] Started Permit User Sessions.
         Starting Hold until boot process finishes up...
         Starting Terminate Plymouth Boot Screen...
[[0;32m  OK  [0m] Started Hold until boot process finishes up.
[[0;32m  OK  [0m] Started Serial Getty on ttyS0.
         Starting Set console scheme...
[[0;32m  OK  [0m] Started Terminate Plymouth Boot Screen.
[[0;32m  OK  [0m] Started Set console scheme.
[[0;32m  OK  [0m] Created slice system-getty.slice.
[[0;32m  OK  [0m] Started Getty on tty1.
[[0;32m  OK  [0m] Reached target Login Prompts.
[[0;32m  OK  [0m] Started LSB: Record successful boot for GRUB.
[[0;32m  OK  [0m] Started Virtualbox guest utils.
         Starting Authorization Manager...
[[0;32m  OK  [0m] Started LSB: automatic crash report generation.
[[0;32m  OK  [0m] Started Authorization Manager.
[[0;32m  OK  [0m] Started Accounts Service.
[[0;32m  OK  [0m] Started Dispatcher daemon for systemd-networkd.
[[0;32m  OK  [0m] Started Snap Daemon.
         Starting Wait until snapd is fully seeded...
         Starting Time & Date Service...
[[0;32m  OK  [0m] Started Time & Date Service.
[[0;32m  OK  [0m] Started Wait until snapd is fully seeded.
         Starting Apply the settings specified in cloud-config...
[   10.272237] cloud-init[1138]: Cloud-init v. 22.2-0ubuntu1~18.04.3 running 'modules:config' at Tue, 11 Oct 2022 03:05:55 +0000. Up 10.21 seconds.
[[0;32m  OK  [0m] Started Apply the settings specified in cloud-config.
[[0;32m  OK  [0m] Reached target Multi-User System.
         Starting Execute cloud user/final scripts...
[[0;32m  OK  [0m] Reached target Graphical Interface.
         Starting Update UTMP about System Runlevel Changes...
[[0;32m  OK  [0m] Started Update UTMP about System Runlevel Changes.
[   10.588471] cloud-init[1179]: Cloud-init v. 22.2-0ubuntu1~18.04.3 running 'modules:final' at Tue, 11 Oct 2022 03:05:55 +0000. Up 10.50 seconds.
[   10.589429] cloud-init[1179]: Cloud-init v. 22.2-0ubuntu1~18.04.3 finished at Tue, 11 Oct 2022 03:05:55 +0000. Datasource DataSourceNoCloud [seed=/dev/sdb][dsmode=net].  Up 10.58 seconds
[[0;32m  OK  [0m] Started Execute cloud user/final scripts.
[[0;32m  OK  [0m] Reached target Cloud-init target.

Ubuntu 18.04.6 LTS ubuntu-bionic ttyS0

ubuntu-bionic login: [[0;32m  OK  [0m] Stopped target Cloud-init target.
[[0;32m  OK  [0m] Closed Load/Save RF Kill Switch Status /dev/rfkill Watch.
[[0;32m  OK  [0m] Stopped Execute cloud user/final scripts.
[[0;32m  OK  [0m] Stopped target Timers.
[[0;32m  OK  [0m] Stopped Ubuntu Advantage Timer for running repeated jobs.
[[0;32m  OK  [0m] Stopped Daily Cleanup of Temporary Directories.
[[0;32m  OK  [0m] Stopped Daily apt upgrade and clean activities.
[[0;32m  OK  [0m] Stopped Daily apt download activities.
         Stopping User Manager for UID 1000...
[[0;32m  OK  [0m] Stopped Message of the Day.
         Stopping Authorization Manager...
[[0;32m  OK  [0m] Stopped target Host and Network Name Lookups.
[[0;32m  OK  [0m] Stopped target Graphical Interface.
[[0;32m  OK  [0m] Stopped target Multi-User System.
         Stopping MySQL Community Server...
         Stopping Dispatcher daemon for systemd-networkd...
         Stopping System Logging Service...
         Stopping irqbalance daemon...
         Stopping Virtualbox guest utils...
         Stopping OpenBSD Secure Shell server...
[[0;32m  OK  [0m] Stopped target Login Prompts.
         Stopping Getty on tty1...
         Stopping LXD - container startup/shutdown...
         Stopping Deferred execution scheduler...
         Stopping FUSE filesystem for LXC...
         Stopping Accounts Service...
         Stopping LSB: Record successful boot for GRUB...
         Stopping LSB: automatic crash report generation...
         Stopping D-Bus System Message Bus...
[[0;32m  OK  [0m] Stopped Discard unused blocks once a week.
[[0;32m  OK  [0m] Stopped target System Time Synchronized.
         Stopping Session 9 of user vagrant.
         Stopping Availability of block devices...
[[0;32m  OK  [0m] Stopped Apply the settings specified in cloud-config.
[[0;32m  OK  [0m] Stopped Wait until snapd is fully seeded.
[[0;32m  OK  [0m] Stopped target Cloud-config availability.
         Stopping Regular background program processing daemon...
         Stopping Serial Getty on ttyS0...
[[0;32m  OK  [0m] Unmounted /var/lib/lxcfs.
[[0;32m  OK  [0m] Stopped Accounts Service.
[[0;32m  OK  [0m] Stopped Deferred execution scheduler.
[[0;32m  OK  [0m] Stopped Dispatcher daemon for systemd-networkd.
[[0;32m  OK  [0m] Stopped Regular background program processing daemon.
[[0;32m  OK  [0m] Stopped System Logging Service.
[[0;32m  OK  [0m] Stopped irqbalance daemon.
[[0;32m  OK  [0m] Stopped OpenBSD Secure Shell server.
[[0;32m  OK  [0m] Stopped Serial Getty on ttyS0.
[[0;32m  OK  [0m] Stopped Getty on tty1.
[[0;32m  OK  [0m] Stopped Authorization Manager.
[[0;32m  OK  [0m] Stopped User Manager for UID 1000.
[[0;32m  OK  [0m] Stopped D-Bus System Message Bus.
[[0;32m  OK  [0m] Stopped Availability of block devices.
[[0;32m  OK  [0m] Stopped FUSE filesystem for LXC.
[[0;32m  OK  [0m] Stopped Session 9 of user vagrant.
[[0;32m  OK  [0m] Stopped LXD - container startup/shutdown.
[[0;32m  OK  [0m] Removed slice User Slice of vagrant.
         Stopping Login Service...
[[0;32m  OK  [0m] Removed slice system-getty.slice.
[[0;32m  OK  [0m] Removed slice system-serial\x2dgetty.slice.
         Stopping Permit User Sessions...
[[0;32m  OK  [0m] Stopped Permit User Sessions.
[[0;32m  OK  [0m] Stopped LSB: Record successful boot for GRUB.
[[0;32m  OK  [0m] Stopped LSB: automatic crash report generation.
[[0;32m  OK  [0m] Stopped target Remote File Systems.
         Unmounting /vagrant...
[[0;32m  OK  [0m] Stopped Login Service.
[[0;32m  OK  [0m] Stopped target User and Group Name Lookups.
[[0;32m  OK  [0m] Stopped Virtualbox guest utils.
[[0;32m  OK  [0m] Unmounted /vagrant.
[[0;32m  OK  [0m] Stopped target Remote File Systems (Pre).
[[0;32m  OK  [0m] Stopped target Network is Online.
[[0;32m  OK  [0m] Stopped MySQL Community Server.
[[0;32m  OK  [0m] Stopped target Network.
         Stopping Network Name Resolution...
[[0;32m  OK  [0m] Stopped target Basic System.
[[0;32m  OK  [0m] Stopped target Slices.
[[0;32m  OK  [0m] Removed slice User and Session Slice.
[[0;32m  OK  [0m] Stopped target Paths.
[[0;32m  OK  [0m] Stopped ACPI Events Check.
[[0;32m  OK  [0m] Stopped target Sockets.
[[0;32m  OK  [0m] Closed Socket activation for snappy daemon.
[[0;32m  OK  [0m] Closed D-Bus System Message Bus Socket.
[[0;32m  OK  [0m] Closed cloud-init hotplug hook socket.
[[0;32m  OK  [0m] Closed ACPID Listen Socket.
[[0;32m  OK  [0m] Closed Open-iSCSI iscsid Socket.
[[0;32m  OK  [0m] Closed Syslog Socket.
[[0;32m  OK  [0m] Closed UUID daemon activation socket.
[[0;32m  OK  [0m] Closed LXD - unix socket.
[[0;32m  OK  [0m] Stopped target System Initialization.
[[0;32m  OK  [0m] Stopped Initial cloud-init job (metadata service crawler).
[[0;32m  OK  [0m] Stopped target Local Encrypted Volumes.
[[0;32m  OK  [0m] Stopped Dispatch Password Requests to Console Directory Watch.
[[0;32m  OK  [0m] Stopped Forward Password Requests to Wall Directory Watch.
         Stopping Load/Save Random Seed...
         Stopping Update UTMP about System Boot/Shutdown...
[[0;32m  OK  [0m] Stopped Network Name Resolution.
         Stopping Network Service...
[[0;32m  OK  [0m] Stopped Load/Save Random Seed.
[[0;32m  OK  [0m] Stopped Update UTMP about System Boot/Shutdown.
[[0;32m  OK  [0m] Stopped Create Volatile Files and Directories.
[[0;32m  OK  [0m] Stopped target Local File Systems.
         Unmounting /run/user/1000...
[[0;32m  OK  [0m] Unmounted /run/user/1000.
[[0;32m  OK  [0m] Reached target Unmount All Filesystems.
[[0;32m  OK  [0m] Stopped target Swap.
[[0;32m  OK  [0m] Stopped target Local File Systems (Pre).
         Stopping Monitoring of LVM2 mirrorsâ€¦ng dmeventd or progress polling...
[[0;32m  OK  [0m] Stopped Create Static Device Nodes in /dev.
[[0;32m  OK  [0m] Stopped Network Service.
[[0;32m  OK  [0m] Stopped Apply Kernel Variables.
[[0;32m  OK  [0m] Stopped Load Kernel Modules.
[[0;32m  OK  [0m] Stopped target Network (Pre).
[[0;32m  OK  [0m] Stopped Initial cloud-init job (pre-networking).
[[0;32m  OK  [0m] Stopped Remount Root and Kernel File Systems.
[[0;32m  OK  [0m] Reached target Shutdown.
[[0;32m  OK  [0m] Reached target Final Step.
         Starting Power-Off...
[  259.074322] reboot: Power down
